#-----------------------------------------------------------
# Vivado v2024.1 (64-bit)
# SW Build 5076996 on Wed May 22 18:37:14 MDT 2024
# IP Build 5075265 on Wed May 22 21:45:21 MDT 2024
# SharedData Build 5076995 on Wed May 22 18:29:18 MDT 2024
# Start of session at: Wed Nov 20 12:50:09 2024
# Process ID: 12376
# Current directory: C:/Users/Raul/Desktop/SSC_projects/Proiect_SSC/proiect_SSC/proiect_SSC.runs/synth_1
# Command line: vivado.exe -log ALU.vds -product Vivado -mode batch -messageDb vivado.pb -notrace -source ALU.tcl
# Log file: C:/Users/Raul/Desktop/SSC_projects/Proiect_SSC/proiect_SSC/proiect_SSC.runs/synth_1/ALU.vds
# Journal file: C:/Users/Raul/Desktop/SSC_projects/Proiect_SSC/proiect_SSC/proiect_SSC.runs/synth_1\vivado.jou
# Running On        :DESKTOP-V8PAV36
# Platform          :Windows Server 2016 or Windows 10
# Operating System  :19045
# Processor Detail  :Intel(R) Core(TM) i7-8550U CPU @ 1.80GHz
# CPU Frequency     :1992 MHz
# CPU Physical cores:4
# CPU Logical cores :8
# Host memory       :17052 MB
# Swap memory       :4689 MB
# Total Virtual     :21741 MB
# Available Virtual :13433 MB
#-----------------------------------------------------------
source ALU.tcl -notrace
